Archive member included to satisfy reference by file (symbol)

.pio/build/nucleo_l432kc/libefe/libee14lib.a(uart.o)
                              .pio/build/nucleo_l432kc/src/main.o (host_serial_init)
.pio/build/nucleo_l432kc/libefe/libee14lib.a(gpio.o)
                              .pio/build/nucleo_l432kc/libefe/libee14lib.a(uart.o) (gpio_config_alternate_function)
.pio/build/nucleo_l432kc/lib842/libps2.a(ps2.o)
                              .pio/build/nucleo_l432kc/src/main.o (ps2_poll)
.pio/build/nucleo_l432kc/libb14/libstops.a(stops.o)
                              .pio/build/nucleo_l432kc/src/main.o (stops_to_lines)
.pio/build/nucleo_l432kc/lib431/libcursor.a(cursor.o)
                              .pio/build/nucleo_l432kc/src/main.o (cursor_init)
.pio/build/nucleo_l432kc/libf76/libdisplay.a(display.o)
                              .pio/build/nucleo_l432kc/src/main.o (display_init)
.pio/build/nucleo_l432kc/libf76/libdisplay.a(font.o)
                              .pio/build/nucleo_l432kc/libf76/libdisplay.a(display.o) (font_drawchar)
.pio/build/nucleo_l432kc/lib676/libconfirmdisplay.a(confirmdisplay.o)
                              .pio/build/nucleo_l432kc/src/main.o (confirmdisplay_page)
.pio/build/nucleo_l432kc/lib54e/liblinesdisplay.a(linesdisplay.o)
                              .pio/build/nucleo_l432kc/src/main.o (linesdisplay_page)
.pio/build/nucleo_l432kc/lib8c6/libstopsdisplay.a(stopsdisplay.o)
                              .pio/build/nucleo_l432kc/src/main.o (stopdisplay_page)
.pio/build/nucleo_l432kc/libf97/libsystick.a(systick.o)
                              .pio/build/nucleo_l432kc/src/main.o (SysTick_initialize)
.pio/build/nucleo_l432kc/lib863/libtransmitter.a(transmitter.o)
                              .pio/build/nucleo_l432kc/src/main.o (transmitter_init)
/Users/shaynesidman/.platformio/packages/toolchain-gccarmnoneeabi@1.70201.0/bin/../lib/gcc/arm-none-eabi/7.2.1/../../../../arm-none-eabi/lib/thumb/v7e-m/libc_nano.a(lib_a-exit.o)
                              /Users/shaynesidman/.platformio/packages/toolchain-gccarmnoneeabi@1.70201.0/bin/../lib/gcc/arm-none-eabi/7.2.1/../../../../arm-none-eabi/lib/thumb/v7e-m/crt0.o (exit)
/Users/shaynesidman/.platformio/packages/toolchain-gccarmnoneeabi@1.70201.0/bin/../lib/gcc/arm-none-eabi/7.2.1/../../../../arm-none-eabi/lib/thumb/v7e-m/libc_nano.a(lib_a-impure.o)
                              /Users/shaynesidman/.platformio/packages/toolchain-gccarmnoneeabi@1.70201.0/bin/../lib/gcc/arm-none-eabi/7.2.1/../../../../arm-none-eabi/lib/thumb/v7e-m/libc_nano.a(lib_a-exit.o) (_global_impure_ptr)
/Users/shaynesidman/.platformio/packages/toolchain-gccarmnoneeabi@1.70201.0/bin/../lib/gcc/arm-none-eabi/7.2.1/../../../../arm-none-eabi/lib/thumb/v7e-m/libc_nano.a(lib_a-init.o)
                              /Users/shaynesidman/.platformio/packages/toolchain-gccarmnoneeabi@1.70201.0/bin/../lib/gcc/arm-none-eabi/7.2.1/../../../../arm-none-eabi/lib/thumb/v7e-m/crt0.o (__libc_init_array)
/Users/shaynesidman/.platformio/packages/toolchain-gccarmnoneeabi@1.70201.0/bin/../lib/gcc/arm-none-eabi/7.2.1/../../../../arm-none-eabi/lib/thumb/v7e-m/libc_nano.a(lib_a-memmove.o)
                              .pio/build/nucleo_l432kc/libf76/libdisplay.a(display.o) (memmove)
/Users/shaynesidman/.platformio/packages/toolchain-gccarmnoneeabi@1.70201.0/bin/../lib/gcc/arm-none-eabi/7.2.1/../../../../arm-none-eabi/lib/thumb/v7e-m/libc_nano.a(lib_a-memset.o)
                              /Users/shaynesidman/.platformio/packages/toolchain-gccarmnoneeabi@1.70201.0/bin/../lib/gcc/arm-none-eabi/7.2.1/../../../../arm-none-eabi/lib/thumb/v7e-m/crt0.o (memset)
/Users/shaynesidman/.platformio/packages/toolchain-gccarmnoneeabi@1.70201.0/bin/../lib/gcc/arm-none-eabi/7.2.1/../../../../arm-none-eabi/lib/thumb/v7e-m/libc_nano.a(lib_a-snprintf.o)
                              .pio/build/nucleo_l432kc/lib54e/liblinesdisplay.a(linesdisplay.o) (snprintf)
/Users/shaynesidman/.platformio/packages/toolchain-gccarmnoneeabi@1.70201.0/bin/../lib/gcc/arm-none-eabi/7.2.1/../../../../arm-none-eabi/lib/thumb/v7e-m/libc_nano.a(lib_a-strcpy.o)
                              .pio/build/nucleo_l432kc/lib8c6/libstopsdisplay.a(stopsdisplay.o) (strcpy)
/Users/shaynesidman/.platformio/packages/toolchain-gccarmnoneeabi@1.70201.0/bin/../lib/gcc/arm-none-eabi/7.2.1/../../../../arm-none-eabi/lib/thumb/v7e-m/libc_nano.a(lib_a-strlen.o)
                              .pio/build/nucleo_l432kc/lib54e/liblinesdisplay.a(linesdisplay.o) (strlen)
/Users/shaynesidman/.platformio/packages/toolchain-gccarmnoneeabi@1.70201.0/bin/../lib/gcc/arm-none-eabi/7.2.1/../../../../arm-none-eabi/lib/thumb/v7e-m/libc_nano.a(lib_a-strncpy.o)
                              .pio/build/nucleo_l432kc/lib8c6/libstopsdisplay.a(stopsdisplay.o) (strncpy)
/Users/shaynesidman/.platformio/packages/toolchain-gccarmnoneeabi@1.70201.0/bin/../lib/gcc/arm-none-eabi/7.2.1/../../../../arm-none-eabi/lib/thumb/v7e-m/libc_nano.a(lib_a-nano-svfprintf.o)
[...]
Memory Configuration

Name             Origin             Length             Attributes
RAM              0x0000000020000000 0x000000000000c000 xrw
RAM2             0x0000000010000000 0x0000000000004000 xrw
FLASH            0x0000000008000000 0x0000000000040000 xr
*default*        0x0000000000000000 0xffffffffffffffff

Linker script and memory map

LOAD /Users/shaynesidman/.platformio/packages/toolchain-gccarmnoneeabi@1.70201.0/bin/../lib/gcc/arm-none-eabi/7.2.1/thumb/v7e-m/crti.o
LOAD /Users/shaynesidman/.platformio/packages/toolchain-gccarmnoneeabi@1.70201.0/bin/../lib/gcc/arm-none-eabi/7.2.1/thumb/v7e-m/crtbegin.o
LOAD /Users/shaynesidman/.platformio/packages/toolchain-gccarmnoneeabi@1.70201.0/bin/../lib/gcc/arm-none-eabi/7.2.1/../../../../arm-none-eabi/lib/thumb/v7e-m/crt0.o
LOAD .pio/build/nucleo_l432kc/FrameworkCMSIS/gcc/startup_stm32l432xx.o
LOAD .pio/build/nucleo_l432kc/FrameworkCMSIS/system_stm32l4xx.o
LOAD .pio/build/nucleo_l432kc/src/main.o
LOAD .pio/build/nucleo_l432kc/src/printf_uart.o
START GROUP
LOAD .pio/build/nucleo_l432kc/libefe/libee14lib.a
LOAD .pio/build/nucleo_l432kc/lib842/libps2.a
LOAD .pio/build/nucleo_l432kc/libb14/libstops.a
LOAD .pio/build/nucleo_l432kc/lib431/libcursor.a
LOAD .pio/build/nucleo_l432kc/lib2e3/libssd1306.a
LOAD .pio/build/nucleo_l432kc/libf76/libdisplay.a
LOAD .pio/build/nucleo_l432kc/lib676/libconfirmdisplay.a
LOAD .pio/build/nucleo_l432kc/libcb9/libprogbar.a
LOAD .pio/build/nucleo_l432kc/lib54e/liblinesdisplay.a
LOAD .pio/build/nucleo_l432kc/lib8c6/libstopsdisplay.a
LOAD .pio/build/nucleo_l432kc/libbe6/libsuccessdisplay.a
LOAD .pio/build/nucleo_l432kc/libf97/libsystick.a
LOAD .pio/build/nucleo_l432kc/lib863/libtransmitter.a
LOAD /Users/shaynesidman/.platformio/packages/toolchain-gccarmnoneeabi@1.70201.0/bin/../lib/gcc/arm-none-eabi/7.2.1/../../../../arm-none-eabi/lib/thumb/v7e-m/libc_nano.a
LOAD /Users/shaynesidman/.platformio/packages/toolchain-gccarmnoneeabi@1.70201.0/bin/../lib/gcc/arm-none-eabi/7.2.1/thumb/v7e-m/libgcc.a
LOAD /Users/shaynesidman/.platformio/packages/toolchain-gccarmnoneeabi@1.70201.0/bin/../lib/gcc/arm-none-eabi/7.2.1/../../../../arm-none-eabi/lib/thumb/v7e-m/libm.a
LOAD /Users/shaynesidman/.platformio/packages/toolchain-gccarmnoneeabi@1.70201.0/bin/../lib/gcc/arm-none-eabi/7.2.1/../../../../arm-none-eabi/lib/thumb/v7e-m/libstdc++_nano.a
END GROUP
START GROUP
LOAD /Users/shaynesidman/.platformio/packages/toolchain-gccarmnoneeabi@1.70201.0/bin/../lib/gcc/arm-none-eabi/7.2.1/thumb/v7e-m/libgcc.a
LOAD /Users/shaynesidman/.platformio/packages/toolchain-gccarmnoneeabi@1.70201.0/bin/../lib/gcc/arm-none-eabi/7.2.1/../../../../arm-none-eabi/lib/thumb/v7e-m/libc_nano.a
END GROUP
START GROUP
LOAD /Users/shaynesidman/.platformio/packages/toolchain-gccarmnoneeabi@1.70201.0/bin/../lib/gcc/arm-none-eabi/7.2.1/thumb/v7e-m/libgcc.a
LOAD /Users/shaynesidman/.platformio/packages/toolchain-gccarmnoneeabi@1.70201.0/bin/../lib/gcc/arm-none-eabi/7.2.1/../../../../arm-none-eabi/lib/thumb/v7e-m/libc_nano.a
LOAD /Users/shaynesidman/.platformio/packages/toolchain-gccarmnoneeabi@1.70201.0/bin/../lib/gcc/arm-none-eabi/7.2.1/../../../../arm-none-eabi/lib/thumb/v7e-m/libnosys.a
END GROUP
START GROUP
LOAD /Users/shaynesidman/.platformio/packages/toolchain-gccarmnoneeabi@1.70201.0/bin/../lib/gcc/arm-none-eabi/7.2.1/thumb/v7e-m/libgcc.a
LOAD /Users/shaynesidman/.platformio/packages/toolchain-gccarmnoneeabi@1.70201.0/bin/../lib/gcc/arm-none-eabi/7.2.1/../../../../arm-none-eabi/lib/thumb/v7e-m/libc_nano.a
LOAD /Users/shaynesidman/.platformio/packages/toolchain-gccarmnoneeabi@1.70201.0/bin/../lib/gcc/arm-none-eabi/7.2.1/../../../../arm-none-eabi/lib/thumb/v7e-m/libnosys.a
END GROUP
LOAD /Users/shaynesidman/.platformio/packages/toolchain-gccarmnoneeabi@1.70201.0/bin/../lib/gcc/arm-none-eabi/7.2.1/thumb/v7e-m/crtend.o
LOAD /Users/shaynesidman/.platformio/packages/toolchain-gccarmnoneeabi@1.70201.0/bin/../lib/gcc/arm-none-eabi/7.2.1/thumb/v7e-m/crtn.o
                0x000000002000c000                _estack = (ORIGIN (RAM) + LENGTH (RAM))
                0x0000000000000200                _Min_Heap_Size = 0x200
                0x0000000000000400                _Min_Stack_Size = 0x400

.isr_vector     0x0000000008000000      0x18c
                0x0000000008000000                . = ALIGN (0x4)
 *(.isr_vector)
 .isr_vector    0x0000000008000000      0x18c .pio/build/nucleo_l432kc/FrameworkCMSIS/gcc/startup_stm32l432xx.o
                0x0000000008000000                g_pfnVectors
                0x000000000800018c                . = ALIGN (0x4)

.text           0x0000000008000190     0x2b10
                0x0000000008000190                . = ALIGN (0x4)
 *(.text)
 .text          0x0000000008000190       0x40 /Users/shaynesidman/.platformio/packages/toolchain-gccarmnoneeabi@1.70201.0/bin/../lib/gcc/arm-none-eabi/7.2.1/thumb/v7e-m/crtbegin.o
 .text          0x00000000080001d0       0x10 /Users/shaynesidman/.platformio/packages/toolchain-gccarmnoneeabi@1.70201.0/bin/../lib/gcc/arm-none-eabi/7.2.1/../../../../arm-none-eabi/lib/thumb/v7e-m/libc_nano.a(lib_a-strlen.o)
                0x00000000080001d0                strlen
 .text          0x00000000080001e0       0xa0 /Users/shaynesidman/.platformio/packages/toolchain-gccarmnoneeabi@1.70201.0/bin/../lib/gcc/arm-none-eabi/7.2.1/../../../../arm-none-eabi/lib/thumb/v7e-m/libc_nano.a(lib_a-memchr.o)
                0x00000000080001e0                memchr
 .text          0x0000000008000280      0x21c /Users/shaynesidman/.platformio/packages/toolchain-gccarmnoneeabi@1.70201.0/bin/../lib/gcc/arm-none-eabi/7.2.1/thumb/v7e-m/libgcc.a(_arm_addsubsf3.o)
                0x0000000008000280                __aeabi_frsub
                0x0000000008000288                __aeabi_fsub
                0x0000000008000288                __subsf3
                0x000000000800028c                __aeabi_fadd
                0x000000000800028c                __addsf3
                0x00000000080003ec                __aeabi_ui2f
                0x00000000080003ec                __floatunsisf
                0x00000000080003f4                __floatsisf
                0x00000000080003f4                __aeabi_i2f
                0x0000000008000410                __aeabi_ul2f
                0x0000000008000410                __floatundisf
                0x0000000008000420                __aeabi_l2f
                0x0000000008000420                __floatdisf
 .text          0x000000000800049c      0x2a0 /Users/shaynesidman/.platformio/packages/toolchain-gccarmnoneeabi@1.70201.0/bin/../lib/gcc/arm-none-eabi/7.2.1/thumb/v7e-m/libgcc.a(_arm_muldivsf3.o)
                0x000000000800049c                __mulsf3
                0x000000000800049c                __aeabi_fmul
                0x0000000008000604                __divsf3
                0x0000000008000604                __aeabi_fdiv
 .text          0x000000000800073c       0x40 /Users/shaynesidman/.platformio/packages/toolchain-gccarmnoneeabi@1.70201.0/bin/../lib/gcc/arm-none-eabi/7.2.1/thumb/v7e-m/libgcc.a(_arm_fixunssfsi.o)
                0x000000000800073c                __aeabi_f2uiz
                0x000000000800073c                __fixunssfsi
 .text          0x000000000800077c       0x28 /Users/shaynesidman/.platformio/packages/toolchain-gccarmnoneeabi@1.70201.0/bin/../lib/gcc/arm-none-eabi/7.2.1/thumb/v7e-m/libgcc.a(_popcountsi2.o)
                0x000000000800077c                __popcountsi2
 .text          0x00000000080007a4      0x378 /Users/shaynesidman/.platformio/packages/toolchain-gccarmnoneeabi@1.70201.0/bin/../lib/gcc/arm-none-eabi/7.2.1/thumb/v7e-m/libgcc.a(_arm_addsubdf3.o)
                0x00000000080007a4                __aeabi_drsub
                0x00000000080007ac                __subdf3
                0x00000000080007ac                __aeabi_dsub
                0x00000000080007b0                __aeabi_dadd
                0x00000000080007b0                __adddf3
                0x0000000008000a28                __aeabi_ui2d
                0x0000000008000a28                __floatunsidf
                0x0000000008000a48                __floatsidf
                0x0000000008000a48                __aeabi_i2d
                0x0000000008000a6c                __extendsfdf2
                0x0000000008000a6c                __aeabi_f2d
                0x0000000008000ab0                __aeabi_ul2d
                0x0000000008000ab0                __floatundidf
                0x0000000008000ac0                __aeabi_l2d
                0x0000000008000ac0                __floatdidf
 .text          0x0000000008000b1c      0x424 /Users/shaynesidman/.platformio/packages/toolchain-gccarmnoneeabi@1.70201.0/bin/../lib/gcc/arm-none-eabi/7.2.1/thumb/v7e-m/libgcc.a(_arm_muldivdf3.o)
                0x0000000008000b1c                __aeabi_dmul
                0x0000000008000b1c                __muldf3
                0x0000000008000d70                __aeabi_ddiv
                0x0000000008000d70                __divdf3
 .text          0x0000000008000f40       0x40 /Users/shaynesidman/.platformio/packages/toolchain-gccarmnoneeabi@1.70201.0/bin/../lib/gcc/arm-none-eabi/7.2.1/thumb/v7e-m/libgcc.a(_arm_fixunsdfsi.o)
                0x0000000008000f40                __fixunsdfsi
                0x0000000008000f40                __aeabi_d2uiz
 *(.text*)
 .text.Reset_Handler
                0x0000000008000f80       0x50 .pio/build/nucleo_l432kc/FrameworkCMSIS/gcc/startup_stm32l432xx.o
                0x0000000008000f80                Reset_Handler
 .text.Default_Handler
                0x0000000008000fd0        0x2 .pio/build/nucleo_l432kc/FrameworkCMSIS/gcc/startup_stm32l432xx.o
                0x0000000008000fd0                TIM1_BRK_TIM15_IRQHandler
                0x0000000008000fd0                EXTI2_IRQHandler
                0x0000000008000fd0                DebugMon_Handler
                0x0000000008000fd0                TIM1_CC_IRQHandler
                0x0000000008000fd0                TSC_IRQHandler
                0x0000000008000fd0                HardFault_Handler
                0x0000000008000fd0                TAMP_STAMP_IRQHandler
                0x0000000008000fd0                PendSV_Handler
                0x0000000008000fd0                NMI_Handler
                0x0000000008000fd0                EXTI3_IRQHandler
                0x0000000008000fd0                LPTIM2_IRQHandler
                0x0000000008000fd0                I2C3_ER_IRQHandler
                0x0000000008000fd0                CAN1_RX0_IRQHandler
                0x0000000008000fd0                FPU_IRQHandler
                0x0000000008000fd0                TIM1_UP_TIM16_IRQHandler
                0x0000000008000fd0                UsageFault_Handler
                0x0000000008000fd0                SPI1_IRQHandler
                0x0000000008000fd0                TIM6_DAC_IRQHandler
                0x0000000008000fd0                DMA2_Channel2_IRQHandler
                0x0000000008000fd0                DMA1_Channel4_IRQHandler
                0x0000000008000fd0                ADC1_IRQHandler
                0x0000000008000fd0                DMA1_Channel7_IRQHandler
                0x0000000008000fd0                CAN1_RX1_IRQHandler
                0x0000000008000fd0                DMA2_Channel1_IRQHandler
                0x0000000008000fd0                QUADSPI_IRQHandler
                0x0000000008000fd0                I2C1_EV_IRQHandler
                0x0000000008000fd0                DMA1_Channel6_IRQHandler
                0x0000000008000fd0                DMA2_Channel4_IRQHandler
                0x0000000008000fd0                RCC_IRQHandler
                0x0000000008000fd0                TIM1_TRG_COM_IRQHandler
                0x0000000008000fd0                DMA1_Channel1_IRQHandler
                0x0000000008000fd0                Default_Handler
                0x0000000008000fd0                DMA2_Channel7_IRQHandler
                0x0000000008000fd0                EXTI15_10_IRQHandler
                0x0000000008000fd0                TIM7_IRQHandler
                0x0000000008000fd0                I2C3_EV_IRQHandler
                0x0000000008000fd0                USB_IRQHandler
                0x0000000008000fd0                EXTI9_5_IRQHandler
                0x0000000008000fd0                RTC_WKUP_IRQHandler
                0x0000000008000fd0                PVD_PVM_IRQHandler
                0x0000000008000fd0                MemManage_Handler
                0x0000000008000fd0                CAN1_TX_IRQHandler
                0x0000000008000fd0                SVC_Handler
                0x0000000008000fd0                DMA2_Channel5_IRQHandler
                0x0000000008000fd0                CRS_IRQHandler
                0x0000000008000fd0                DMA1_Channel5_IRQHandler
                0x0000000008000fd0                EXTI4_IRQHandler
                0x0000000008000fd0                RNG_IRQHandler
                0x0000000008000fd0                DMA1_Channel3_IRQHandler
                0x0000000008000fd0                COMP_IRQHandler
                0x0000000008000fd0                WWDG_IRQHandler
                0x0000000008000fd0                LPUART1_IRQHandler
                0x0000000008000fd0                DMA2_Channel6_IRQHandler
                0x0000000008000fd0                TIM2_IRQHandler
                0x0000000008000fd0                EXTI1_IRQHandler
                0x0000000008000fd0                USART2_IRQHandler
                0x0000000008000fd0                DMA1_Channel2_IRQHandler
                0x0000000008000fd0                CAN1_SCE_IRQHandler
                0x0000000008000fd0                FLASH_IRQHandler
                0x0000000008000fd0                BusFault_Handler
                0x0000000008000fd0                USART1_IRQHandler
                0x0000000008000fd0                SPI3_IRQHandler
                0x0000000008000fd0                I2C1_ER_IRQHandler
                0x0000000008000fd0                SWPMI1_IRQHandler
                0x0000000008000fd0                LPTIM1_IRQHandler
                0x0000000008000fd0                SAI1_IRQHandler
                0x0000000008000fd0                DMA2_Channel3_IRQHandler
                0x0000000008000fd0                RTC_Alarm_IRQHandler
 .text.SystemInit
                0x0000000008000fd2        0x2 .pio/build/nucleo_l432kc/FrameworkCMSIS/system_stm32l4xx.o
                0x0000000008000fd2                SystemInit
 .text.rebuild_filter.constprop.0
                0x0000000008000fd4       0x84 .pio/build/nucleo_l432kc/src/main.o
 .text.userinput
                0x0000000008001058      0x2ac .pio/build/nucleo_l432kc/src/main.o
                0x0000000008001058                userinput
 .text.startup.main
                0x0000000008001304       0x24 .pio/build/nucleo_l432kc/src/main.o
                0x0000000008001304                main
 .text.host_serial_init
                0x0000000008001328       0x9c .pio/build/nucleo_l432kc/libefe/libee14lib.a(uart.o)
                0x0000000008001328                host_serial_init
 .text.serial_write
                0x00000000080013c4       0x24 .pio/build/nucleo_l432kc/libefe/libee14lib.a(uart.o)
                0x00000000080013c4                serial_write
 .text.gpio_enable_port
                0x00000000080013e8       0x34 .pio/build/nucleo_l432kc/libefe/libee14lib.a(gpio.o)
 .text.gpio_config_alternate_function
                0x000000000800141c       0x58 .pio/build/nucleo_l432kc/libefe/libee14lib.a(gpio.o)
                0x000000000800141c                gpio_config_alternate_function
 .text.gpio_config_mode
                0x0000000008001474       0x40 .pio/build/nucleo_l432kc/libefe/libee14lib.a(gpio.o)
                0x0000000008001474                gpio_config_mode
 .text.gpio_config_pullup
                0x00000000080014b4       0x38 .pio/build/nucleo_l432kc/libefe/libee14lib.a(gpio.o)
                0x00000000080014b4                gpio_config_pullup
 .text.gpio_config_otype
                0x00000000080014ec       0x38 .pio/build/nucleo_l432kc/libefe/libee14lib.a(gpio.o)
                0x00000000080014ec                gpio_config_otype
 .text.gpio_read
                0x0000000008001524       0x20 .pio/build/nucleo_l432kc/libefe/libee14lib.a(gpio.o)
                0x0000000008001524                gpio_read
 .text.EXTI0_IRQHandler
                0x0000000008001544       0x98 .pio/build/nucleo_l432kc/lib842/libps2.a(ps2.o)
                0x0000000008001544                EXTI0_IRQHandler
 .text.ps2_poll
                0x00000000080015dc      0x318 .pio/build/nucleo_l432kc/lib842/libps2.a(ps2.o)
                0x00000000080015dc                ps2_poll
 .text.ps2_init
                0x00000000080018f4       0x7c .pio/build/nucleo_l432kc/lib842/libps2.a(ps2.o)
                0x00000000080018f4                ps2_init
 .text.ps2_consume_up
                0x0000000008001970       0x10 .pio/build/nucleo_l432kc/lib842/libps2.a(ps2.o)
                0x0000000008001970                ps2_consume_up
 .text.ps2_consume_down
                0x0000000008001980       0x10 .pio/build/nucleo_l432kc/lib842/libps2.a(ps2.o)
                0x0000000008001980                ps2_consume_down
 .text.ps2_consume_left
                0x0000000008001990       0x10 .pio/build/nucleo_l432kc/lib842/libps2.a(ps2.o)
                0x0000000008001990                ps2_consume_left
 .text.ps2_consume_right
                0x00000000080019a0       0x10 .pio/build/nucleo_l432kc/lib842/libps2.a(ps2.o)
                0x00000000080019a0                ps2_consume_right
 .text.ps2_consume_enter
                0x00000000080019b0       0x10 .pio/build/nucleo_l432kc/lib842/libps2.a(ps2.o)
                0x00000000080019b0                ps2_consume_enter
 .text.ps2_consume_space
                0x00000000080019c0       0x10 .pio/build/nucleo_l432kc/lib842/libps2.a(ps2.o)
                0x00000000080019c0                ps2_consume_space
 .text.ps2_consume_backspace
                0x00000000080019d0       0x10 .pio/build/nucleo_l432kc/lib842/libps2.a(ps2.o)
                0x00000000080019d0                ps2_consume_backspace
 .text.ps2_consume_char
                0x00000000080019e0       0x10 .pio/build/nucleo_l432kc/lib842/libps2.a(ps2.o)
                0x00000000080019e0                ps2_consume_char
 .text.cursor_init
                0x00000000080019f0        0x4 .pio/build/nucleo_l432kc/lib431/libcursor.a(cursor.o)
                0x00000000080019f0                cursor_init
 .text.cursor_clear
                0x00000000080019f4       0x14 .pio/build/nucleo_l432kc/lib431/libcursor.a(cursor.o)
                0x00000000080019f4                cursor_clear
 .text.cursor_poll
                0x0000000008001a08       0x84 .pio/build/nucleo_l432kc/lib431/libcursor.a(cursor.o)
                0x0000000008001a08                cursor_poll
 .text.switch_poll
                0x0000000008001a8c        0x4 .pio/build/nucleo_l432kc/lib431/libcursor.a(cursor.o)
                0x0000000008001a8c                switch_poll
 .text.i2c_send
                0x0000000008001a90       0x1c .pio/build/nucleo_l432kc/libf76/libdisplay.a(display.o)
                0x0000000008001a90                i2c_send
 .text.display_init
                0x0000000008001aac       0x20 .pio/build/nucleo_l432kc/libf76/libdisplay.a(display.o)
                0x0000000008001aac                display_init
 .text.display_write
                0x0000000008001acc       0x10 .pio/build/nucleo_l432kc/libf76/libdisplay.a(display.o)
                0x0000000008001acc                display_write
 .text.display_flush
                0x0000000008001adc       0x14 .pio/build/nucleo_l432kc/libf76/libdisplay.a(display.o)
                0x0000000008001adc                display_flush
 .text.display_setpixel
                0x0000000008001af0       0x2c .pio/build/nucleo_l432kc/libf76/libdisplay.a(display.o)
                0x0000000008001af0                display_setpixel
 .text.display_clear
                0x0000000008001b1c       0x10 .pio/build/nucleo_l432kc/libf76/libdisplay.a(display.o)
                0x0000000008001b1c                display_clear
 .text.font_drawchar
                0x0000000008001b2c       0x34 .pio/build/nucleo_l432kc/libf76/libdisplay.a(font.o)
                0x0000000008001b2c                font_drawchar
 .text.font_drawstr
                0x0000000008001b60       0x30 .pio/build/nucleo_l432kc/libf76/libdisplay.a(font.o)
                0x0000000008001b60                font_drawstr
 .text.confirmdisplay_page
                0x0000000008001b90       0x40 .pio/build/nucleo_l432kc/lib676/libconfirmdisplay.a(confirmdisplay.o)
                0x0000000008001b90                confirmdisplay_page
 .text.linesdisplay_page
                0x0000000008001bd0      0x168 .pio/build/nucleo_l432kc/lib54e/liblinesdisplay.a(linesdisplay.o)
                0x0000000008001bd0                linesdisplay_page
 .text.stopdisplay_page
                0x0000000008001d38       0xd4 .pio/build/nucleo_l432kc/lib8c6/libstopsdisplay.a(stopsdisplay.o)
                0x0000000008001d38                stopdisplay_page
 .text.SysTick_initialize
                0x0000000008001e0c       0x38 .pio/build/nucleo_l432kc/libf97/libsystick.a(systick.o)
                0x0000000008001e0c                SysTick_initialize
 .text.SysTick_Handler
                0x0000000008001e44       0x20 .pio/build/nucleo_l432kc/libf97/libsystick.a(systick.o)
                0x0000000008001e44                SysTick_Handler
 .text.delay_ms
                0x0000000008001e64       0x34 .pio/build/nucleo_l432kc/libf97/libsystick.a(systick.o)
                0x0000000008001e64                delay_ms
 .text.transmitter_init
                0x0000000008001e98        0x2 .pio/build/nucleo_l432kc/lib863/libtransmitter.a(transmitter.o)
                0x0000000008001e98                transmitter_init
 *fill*         0x0000000008001e9a        0x2 
 .text.transmitter_send
                0x0000000008001e9c       0x10 .pio/build/nucleo_l432kc/lib863/libtransmitter.a(transmitter.o)
                0x0000000008001e9c                transmitter_send
 .text.transmitter_sendselections
                0x0000000008001eac       0x64 .pio/build/nucleo_l432kc/lib863/libtransmitter.a(transmitter.o)
                0x0000000008001eac                transmitter_sendselections
 .text.__libc_init_array
                0x0000000008001f10       0x48 /Users/shaynesidman/.platformio/packages/toolchain-gccarmnoneeabi@1.70201.0/bin/../lib/gcc/arm-none-eabi/7.2.1/../../../../arm-none-eabi/lib/thumb/v7e-m/libc_nano.a(lib_a-init.o)
                0x0000000008001f10                __libc_init_array
 .text.memmove  0x0000000008001f58       0x32 /Users/shaynesidman/.platformio/packages/toolchain-gccarmnoneeabi@1.70201.0/bin/../lib/gcc/arm-none-eabi/7.2.1/../../../../arm-none-eabi/lib/thumb/v7e-m/libc_nano.a(lib_a-memmove.o)
                0x0000000008001f58                memmove
 .text.memset   0x0000000008001f8a       0x10 /Users/shaynesidman/.platformio/packages/toolchain-gccarmnoneeabi@1.70201.0/bin/../lib/gcc/arm-none-eabi/7.2.1/../../../../arm-none-eabi/lib/thumb/v7e-m/libc_nano.a(lib_a-memset.o)
                0x0000000008001f8a                memset
 *fill*         0x0000000008001f9a        0x2 
 .text.snprintf
                0x0000000008001f9c       0x68 /Users/shaynesidman/.platformio/packages/toolchain-gccarmnoneeabi@1.70201.0/bin/../lib/gcc/arm-none-eabi/7.2.1/../../../../arm-none-eabi/lib/thumb/v7e-m/libc_nano.a(lib_a-snprintf.o)
                0x0000000008001f9c                snprintf
                0x0000000008001f9c                sniprintf
 .text.strcpy   0x0000000008002004       0x10 /Users/shaynesidman/.platformio/packages/toolchain-gccarmnoneeabi@1.70201.0/bin/../lib/gcc/arm-none-eabi/7.2.1/../../../../arm-none-eabi/lib/thumb/v7e-m/libc_nano.a(lib_a-strcpy.o)
                0x0000000008002004                strcpy
 .text.strncpy  0x0000000008002014       0x2a /Users/shaynesidman/.platformio/packages/toolchain-gccarmnoneeabi@1.70201.0/bin/../lib/gcc/arm-none-eabi/7.2.1/../../../../arm-none-eabi/lib/thumb/v7e-m/libc_nano.a(lib_a-strncpy.o)
                0x0000000008002014                strncpy
 .text.__ssputs_r
                0x000000000800203e       0xb4 /Users/shaynesidman/.platformio/packages/toolchain-gccarmnoneeabi@1.70201.0/bin/../lib/gcc/arm-none-eabi/7.2.1/../../../../arm-none-eabi/lib/thumb/v7e-m/libc_nano.a(lib_a-nano-svfprintf.o)
                0x000000000800203e                __ssputs_r
 *fill*         0x00000000080020f2        0x2 
 .text._svfprintf_r
                0x00000000080020f4      0x1ec /Users/shaynesidman/.platformio/packages/toolchain-gccarmnoneeabi@1.70201.0/bin/../lib/gcc/arm-none-eabi/7.2.1/../../../../arm-none-eabi/lib/thumb/v7e-m/libc_nano.a(lib_a-nano-svfprintf.o)
                0x00000000080020f4                _svfprintf_r
                0x00000000080020f4                _svfiprintf_r
 .text._printf_common
                0x00000000080022e0       0xea /Users/shaynesidman/.platformio/packages/toolchain-gccarmnoneeabi@1.70201.0/bin/../lib/gcc/arm-none-eabi/7.2.1/../../../../arm-none-eabi/lib/thumb/v7e-m/libc_nano.a(lib_a-nano-vfprintf_i.o)
                0x00000000080022e0                _printf_common
 *fill*         0x00000000080023ca        0x2 
 .text._printf_i
                0x00000000080023cc      0x224 /Users/shaynesidman/.platformio/packages/toolchain-gccarmnoneeabi@1.70201.0/bin/../lib/gcc/arm-none-eabi/7.2.1/../../../../arm-none-eabi/lib/thumb/v7e-m/libc_nano.a(lib_a-nano-vfprintf_i.o)
                0x00000000080023cc                _printf_i
 .text.memcpy   0x00000000080025f0       0x16 /Users/shaynesidman/.platformio/packages/toolchain-gccarmnoneeabi@1.70201.0/bin/../lib/gcc/arm-none-eabi/7.2.1/../../../../arm-none-eabi/lib/thumb/v7e-m/libc_nano.a(lib_a-memcpy-stub.o)
                0x00000000080025f0                memcpy
 *fill*         0x0000000008002606        0x2 
 .text._free_r  0x0000000008002608       0x9c /Users/shaynesidman/.platformio/packages/toolchain-gccarmnoneeabi@1.70201.0/bin/../lib/gcc/arm-none-eabi/7.2.1/../../../../arm-none-eabi/lib/thumb/v7e-m/libc_nano.a(lib_a-nano-freer.o)
                0x0000000008002608                _free_r
 .text._malloc_r
                0x00000000080026a4       0xb4 /Users/shaynesidman/.platformio/packages/toolchain-gccarmnoneeabi@1.70201.0/bin/../lib/gcc/arm-none-eabi/7.2.1/../../../../arm-none-eabi/lib/thumb/v7e-m/libc_nano.a(lib_a-nano-mallocr.o)
                0x00000000080026a4                _malloc_r
 .text._realloc_r
                0x0000000008002758       0x4c /Users/shaynesidman/.platformio/packages/toolchain-gccarmnoneeabi@1.70201.0/bin/../lib/gcc/arm-none-eabi/7.2.1/../../../../arm-none-eabi/lib/thumb/v7e-m/libc_nano.a(lib_a-nano-reallocr.o)
                0x0000000008002758                _realloc_r
 .text._sbrk_r  0x00000000080027a4       0x20 /Users/shaynesidman/.platformio/packages/toolchain-gccarmnoneeabi@1.70201.0/bin/../lib/gcc/arm-none-eabi/7.2.1/../../../../arm-none-eabi/lib/thumb/v7e-m/libc_nano.a(lib_a-sbrkr.o)
                0x00000000080027a4                _sbrk_r
 .text.__malloc_lock
                0x00000000080027c4        0x2 /Users/shaynesidman/.platformio/packages/toolchain-gccarmnoneeabi@1.70201.0/bin/../lib/gcc/arm-none-eabi/7.2.1/../../../../arm-none-eabi/lib/thumb/v7e-m/libc_nano.a(lib_a-mlock.o)
                0x00000000080027c4                __malloc_lock
 .text.__malloc_unlock
                0x00000000080027c6        0x2 /Users/shaynesidman/.platformio/packages/toolchain-gccarmnoneeabi@1.70201.0/bin/../lib/gcc/arm-none-eabi/7.2.1/../../../../arm-none-eabi/lib/thumb/v7e-m/libc_nano.a(lib_a-mlock.o)
                0x00000000080027c6                __malloc_unlock
 .text._malloc_usable_size_r
                0x00000000080027c8       0x10 /Users/shaynesidman/.platformio/packages/toolchain-gccarmnoneeabi@1.70201.0/bin/../lib/gcc/arm-none-eabi/7.2.1/../../../../arm-none-eabi/lib/thumb/v7e-m/libc_nano.a(lib_a-nano-msizer.o)
                0x00000000080027c8                _malloc_usable_size_r
 .text.i2c_init
                0x00000000080027d8       0xe0 .pio/build/nucleo_l432kc/libefe/libee14lib.a(i2c.o)
                0x00000000080027d8                i2c_init
 .text.i2c_write
                0x00000000080028b8       0x48 .pio/build/nucleo_l432kc/libefe/libee14lib.a(i2c.o)
                0x00000000080028b8                i2c_write
 .text.oled_write_command
                0x0000000008002900       0x40 .pio/build/nucleo_l432kc/lib2e3/libssd1306.a(ssd1306.o)
 .text.oled_set_window
                0x0000000008002940       0x58 .pio/build/nucleo_l432kc/lib2e3/libssd1306.a(ssd1306.o)
 .text.oled_set_full_window
                0x0000000008002998       0x32 .pio/build/nucleo_l432kc/lib2e3/libssd1306.a(ssd1306.o)
 .text.oled_is_valid_config
                0x00000000080029ca       0x2e .pio/build/nucleo_l432kc/lib2e3/libssd1306.a(ssd1306.o)
 .text.oled_write_data
                0x00000000080029f8       0x8c .pio/build/nucleo_l432kc/lib2e3/libssd1306.a(ssd1306.o)
 .text.OLED_BufferSize
                0x0000000008002a84        0xc .pio/build/nucleo_l432kc/lib2e3/libssd1306.a(ssd1306.o)
                0x0000000008002a84                OLED_BufferSize
 .text.OLED_Fill
                0x0000000008002a90       0x58 .pio/build/nucleo_l432kc/lib2e3/libssd1306.a(ssd1306.o)
                0x0000000008002a90                OLED_Fill
 .text.OLED_Clear
                0x0000000008002ae8        0x6 .pio/build/nucleo_l432kc/lib2e3/libssd1306.a(ssd1306.o)
                0x0000000008002ae8                OLED_Clear
 *fill*         0x0000000008002aee        0x2 
 .text.OLED_Init
                0x0000000008002af0       0xa0 .pio/build/nucleo_l432kc/lib2e3/libssd1306.a(ssd1306.o)
                0x0000000008002af0                OLED_Init
 .text.OLED_DrawBitmap
                0x0000000008002b90       0x38 .pio/build/nucleo_l432kc/lib2e3/libssd1306.a(ssd1306.o)
                0x0000000008002b90                OLED_DrawBitmap
 .text.draw_progbar
                0x0000000008002bc8       0xa4 .pio/build/nucleo_l432kc/libcb9/libprogbar.a(progbar.o)
                0x0000000008002bc8                draw_progbar
 .text._sbrk    0x0000000008002c6c       0x1c /Users/shaynesidman/.platformio/packages/toolchain-gccarmnoneeabi@1.70201.0/bin/../lib/gcc/arm-none-eabi/7.2.1/../../../../arm-none-eabi/lib/thumb/v7e-m/libnosys.a(sbrk.o)
                0x0000000008002c6c                _sbrk
 *(.glue_7)
 .glue_7        0x0000000008002c88        0x0 linker stubs
 *(.glue_7t)
 .glue_7t       0x0000000008002c88        0x0 linker stubs
 *(.eh_frame)
 .eh_frame      0x0000000008002c88        0x0 /Users/shaynesidman/.platformio/packages/toolchain-gccarmnoneeabi@1.70201.0/bin/../lib/gcc/arm-none-eabi/7.2.1/thumb/v7e-m/crtbegin.o
 *(.init)
 .init          0x0000000008002c88        0x4 /Users/shaynesidman/.platformio/packages/toolchain-gccarmnoneeabi@1.70201.0/bin/../lib/gcc/arm-none-eabi/7.2.1/thumb/v7e-m/crti.o
                0x0000000008002c88                _init
 .init          0x0000000008002c8c        0x8 /Users/shaynesidman/.platformio/packages/toolchain-gccarmnoneeabi@1.70201.0/bin/../lib/gcc/arm-none-eabi/7.2.1/thumb/v7e-m/crtn.o
 *(.fini)
 .fini          0x0000000008002c94        0x4 /Users/shaynesidman/.platformio/packages/toolchain-gccarmnoneeabi@1.70201.0/bin/../lib/gcc/arm-none-eabi/7.2.1/thumb/v7e-m/crti.o
                0x0000000008002c94                _fini
 .fini          0x0000000008002c98        0x8 /Users/shaynesidman/.platformio/packages/toolchain-gccarmnoneeabi@1.70201.0/bin/../lib/gcc/arm-none-eabi/7.2.1/thumb/v7e-m/crtn.o
                0x0000000008002ca0                . = ALIGN (0x4)
                0x0000000008002ca0                _etext = .

.vfp11_veneer   0x0000000008002ca0        0x0
 .vfp11_veneer  0x0000000008002ca0        0x0 linker stubs

.v4_bx          0x0000000008002ca0        0x0
 .v4_bx         0x0000000008002ca0        0x0 linker stubs

.iplt           0x0000000008002ca0        0x0
 .iplt          0x0000000008002ca0        0x0 /Users/shaynesidman/.platformio/packages/toolchain-gccarmnoneeabi@1.70201.0/bin/../lib/gcc/arm-none-eabi/7.2.1/thumb/v7e-m/crtbegin.o

.rodata         0x0000000008002ca0     0x2930
                0x0000000008002ca0                . = ALIGN (0x4)
 *(.rodata)
 *(.rodata*)
 .rodata.g_GPIO_pin
                0x0000000008002ca0       0x16 .pio/build/nucleo_l432kc/libefe/libee14lib.a(gpio.o)
 *fill*         0x0000000008002cb6        0x2 
 .rodata.g_GPIO_port
                0x0000000008002cb8       0x58 .pio/build/nucleo_l432kc/libefe/libee14lib.a(gpio.o)
 .rodata.stops  0x0000000008002d10      0x590 .pio/build/nucleo_l432kc/libb14/libstops.a(stops.o)
                0x0000000008002d10                stops
 .rodata.stops_count
                0x00000000080032a0        0x2 .pio/build/nucleo_l432kc/libb14/libstops.a(stops.o)
                0x00000000080032a0                stops_count
 .rodata.stops_to_lines
                0x00000000080032a2      0xf4c .pio/build/nucleo_l432kc/libb14/libstops.a(stops.o)
                0x00000000080032a2                stops_to_lines
 .rodata.str1.1
                0x00000000080041ee     0x117e .pio/build/nucleo_l432kc/libb14/libstops.a(stops.o)
                                       0x126e (size before relaxing)
 .rodata.font5x7
                0x000000000800536c      0x1db .pio/build/nucleo_l432kc/libf76/libdisplay.a(font.o)
                0x000000000800536c                font5x7
 .rodata.confirmdisplay_page.str1.1
                0x0000000008005547       0x18 .pio/build/nucleo_l432kc/lib676/libconfirmdisplay.a(confirmdisplay.o)
 .rodata.linesdisplay_page.str1.1
                0x000000000800555f       0x21 .pio/build/nucleo_l432kc/lib54e/liblinesdisplay.a(linesdisplay.o)
 .rodata.stopdisplay_page.str1.1
                0x0000000008005580       0x1c .pio/build/nucleo_l432kc/lib8c6/libstopsdisplay.a(stopsdisplay.o)
                                         0x20 (size before relaxing)
 .rodata.bookend_byte
                0x000000000800559c        0x1 .pio/build/nucleo_l432kc/lib863/libtransmitter.a(transmitter.o)
                0x000000000800559c                bookend_byte
 .rodata._svfprintf_r.str1.1
                0x000000000800559d       0x11 /Users/shaynesidman/.platformio/packages/toolchain-gccarmnoneeabi@1.70201.0/bin/../lib/gcc/arm-none-eabi/7.2.1/../../../../arm-none-eabi/lib/thumb/v7e-m/libc_nano.a(lib_a-nano-svfprintf.o)
 .rodata._printf_i.str1.1
                0x00000000080055ae       0x22 /Users/shaynesidman/.platformio/packages/toolchain-gccarmnoneeabi@1.70201.0/bin/../lib/gcc/arm-none-eabi/7.2.1/../../../../arm-none-eabi/lib/thumb/v7e-m/libc_nano.a(lib_a-nano-vfprintf_i.o)
                0x00000000080055d0                . = ALIGN (0x4)

.rel.dyn        0x00000000080055d0        0x0
 .rel.iplt      0x00000000080055d0        0x0 /Users/shaynesidman/.platformio/packages/toolchain-gccarmnoneeabi@1.70201.0/bin/../lib/gcc/arm-none-eabi/7.2.1/thumb/v7e-m/crtbegin.o

.ARM.extab      0x00000000080055d0        0x0
                0x00000000080055d0                . = ALIGN (0x4)
 *(.ARM.extab* .gnu.linkonce.armextab.*)
                0x00000000080055d0                . = ALIGN (0x4)

.ARM            0x00000000080055d0        0x0
                0x00000000080055d0                . = ALIGN (0x4)
                0x00000000080055d0                __exidx_start = .
 *(.ARM.exidx*)
                0x00000000080055d0                __exidx_end = .
                0x00000000080055d0                . = ALIGN (0x4)

.preinit_array  0x00000000080055d0        0x0
                0x00000000080055d0                . = ALIGN (0x4)
                0x00000000080055d0                PROVIDE (__preinit_array_start, .)
 *(.preinit_array*)
                0x00000000080055d0                PROVIDE (__preinit_array_end, .)
                0x00000000080055d0                . = ALIGN (0x4)

.init_array     0x00000000080055d0        0x4
                0x00000000080055d0                . = ALIGN (0x4)
                0x00000000080055d0                PROVIDE (__init_array_start, .)
 *(SORT_BY_NAME(.init_array.*))
 *(.init_array*)
 .init_array    0x00000000080055d0        0x4 /Users/shaynesidman/.platformio/packages/toolchain-gccarmnoneeabi@1.70201.0/bin/../lib/gcc/arm-none-eabi/7.2.1/thumb/v7e-m/crtbegin.o
                0x00000000080055d4                PROVIDE (__init_array_end, .)
                0x00000000080055d4                . = ALIGN (0x4)

.fini_array     0x00000000080055d4        0x4
                0x00000000080055d4                . = ALIGN (0x4)
                [!provide]                        PROVIDE (__fini_array_start, .)
 *(SORT_BY_NAME(.fini_array.*))
 *(.fini_array*)
 .fini_array    0x00000000080055d4        0x4 /Users/shaynesidman/.platformio/packages/toolchain-gccarmnoneeabi@1.70201.0/bin/../lib/gcc/arm-none-eabi/7.2.1/thumb/v7e-m/crtbegin.o
                [!provide]                        PROVIDE (__fini_array_end, .)
                0x00000000080055d8                . = ALIGN (0x4)
                0x00000000080055d8                _sidata = LOADADDR (.data)

.data           0x0000000020000000       0x80 load address 0x00000000080055d8
                0x0000000020000000                . = ALIGN (0x4)
                0x0000000020000000                _sdata = .
 *(.data)
 *(.data*)
 .data.SystemCoreClock
                0x0000000020000000        0x4 .pio/build/nucleo_l432kc/FrameworkCMSIS/system_stm32l4xx.o
                0x0000000020000000                SystemCoreClock
 .data.last_screen.7405
                0x0000000020000004        0x1 .pio/build/nucleo_l432kc/src/main.o
 .data.current_screen
                0x0000000020000005        0x1 .pio/build/nucleo_l432kc/lib431/libcursor.a(cursor.o)
                0x0000000020000005                current_screen
 *fill*         0x0000000020000006        0x2 
 .data.oled     0x0000000020000008       0x14 .pio/build/nucleo_l432kc/libf76/libdisplay.a(display.o)
                0x0000000020000008                oled
 .data._impure_ptr
                0x000000002000001c        0x4 /Users/shaynesidman/.platformio/packages/toolchain-gccarmnoneeabi@1.70201.0/bin/../lib/gcc/arm-none-eabi/7.2.1/../../../../arm-none-eabi/lib/thumb/v7e-m/libc_nano.a(lib_a-impure.o)
                0x000000002000001c                _impure_ptr
 .data.impure_data
                0x0000000020000020       0x60 /Users/shaynesidman/.platformio/packages/toolchain-gccarmnoneeabi@1.70201.0/bin/../lib/gcc/arm-none-eabi/7.2.1/../../../../arm-none-eabi/lib/thumb/v7e-m/libc_nano.a(lib_a-impure.o)
 *(.RamFunc)
 *(.RamFunc*)
                0x0000000020000080                . = ALIGN (0x4)
                0x0000000020000080                _edata = .

.igot.plt       0x0000000020000080        0x0 load address 0x0000000008005658
 .igot.plt      0x0000000020000080        0x0 /Users/shaynesidman/.platformio/packages/toolchain-gccarmnoneeabi@1.70201.0/bin/../lib/gcc/arm-none-eabi/7.2.1/thumb/v7e-m/crtbegin.o
                0x0000000020000080                . = ALIGN (0x4)

.bss            0x0000000020000080      0x748 load address 0x0000000008005658
                0x0000000020000080                _sbss = .
                0x0000000020000080                __bss_start__ = _sbss
 *(.bss)
 .bss           0x0000000020000080       0x1c /Users/shaynesidman/.platformio/packages/toolchain-gccarmnoneeabi@1.70201.0/bin/../lib/gcc/arm-none-eabi/7.2.1/thumb/v7e-m/crtbegin.o
 *(.bss*)
 .bss.filter_buf.7406
                0x000000002000009c       0x13 .pio/build/nucleo_l432kc/src/main.o
 *fill*         0x00000000200000af        0x1 
 .bss.filter_cursor.7408
                0x00000000200000b0        0x2 .pio/build/nucleo_l432kc/src/main.o
 .bss.filter_len.7407
                0x00000000200000b2        0x1 .pio/build/nucleo_l432kc/src/main.o
 *fill*         0x00000000200000b3        0x1 
 .bss.filtered.7409
                0x00000000200000b4      0x2d0 .pio/build/nucleo_l432kc/src/main.o
 .bss.filtered_count.7410
                0x0000000020000384        0x2 .pio/build/nucleo_l432kc/src/main.o
 .bss.initialized.7412
                0x0000000020000386        0x1 .pio/build/nucleo_l432kc/src/main.o
 *fill*         0x0000000020000387        0x1 
 .bss.lines_selected.7413
                0x0000000020000388        0x2 .pio/build/nucleo_l432kc/src/main.o
 .bss.num_available_lines.7414
                0x000000002000038a        0x1 .pio/build/nucleo_l432kc/src/main.o
 *fill*         0x000000002000038b        0x1 
 .bss.selected_stop.7411
                0x000000002000038c        0x2 .pio/build/nucleo_l432kc/src/main.o
 .bss.buf       0x000000002000038e       0x10 .pio/build/nucleo_l432kc/lib842/libps2.a(ps2.o)
 .bss.buf_head  0x000000002000039e        0x1 .pio/build/nucleo_l432kc/lib842/libps2.a(ps2.o)
 .bss.buf_tail  0x000000002000039f        0x1 .pio/build/nucleo_l432kc/lib842/libps2.a(ps2.o)
 .bss.pending_backspace
                0x00000000200003a0        0x1 .pio/build/nucleo_l432kc/lib842/libps2.a(ps2.o)
 .bss.pending_char
                0x00000000200003a1        0x1 .pio/build/nucleo_l432kc/lib842/libps2.a(ps2.o)
 .bss.pending_down
                0x00000000200003a2        0x1 .pio/build/nucleo_l432kc/lib842/libps2.a(ps2.o)
 .bss.pending_enter
                0x00000000200003a3        0x1 .pio/build/nucleo_l432kc/lib842/libps2.a(ps2.o)
 .bss.pending_left
                0x00000000200003a4        0x1 .pio/build/nucleo_l432kc/lib842/libps2.a(ps2.o)
 .bss.pending_right
                0x00000000200003a5        0x1 .pio/build/nucleo_l432kc/lib842/libps2.a(ps2.o)
 .bss.pending_space
                0x00000000200003a6        0x1 .pio/build/nucleo_l432kc/lib842/libps2.a(ps2.o)
 .bss.pending_up
                0x00000000200003a7        0x1 .pio/build/nucleo_l432kc/lib842/libps2.a(ps2.o)
 .bss.ps2_bit_count
                0x00000000200003a8        0x1 .pio/build/nucleo_l432kc/lib842/libps2.a(ps2.o)
 *fill*         0x00000000200003a9        0x1 
 .bss.ps2_shift_reg
                0x00000000200003aa        0x2 .pio/build/nucleo_l432kc/lib842/libps2.a(ps2.o)
 .bss.state.5690
                0x00000000200003ac        0x1 .pio/build/nucleo_l432kc/lib842/libps2.a(ps2.o)
 .bss.cursor_max
                0x00000000200003ad        0x1 .pio/build/nucleo_l432kc/lib431/libcursor.a(cursor.o)
                0x00000000200003ad                cursor_max
 .bss.cursor_pos
                0x00000000200003ae        0x1 .pio/build/nucleo_l432kc/lib431/libcursor.a(cursor.o)
                0x00000000200003ae                cursor_pos
 *fill*         0x00000000200003af        0x1 
 .bss.ticks     0x00000000200003b0        0x8 .pio/build/nucleo_l432kc/libf97/libsystick.a(systick.o)
                0x00000000200003b0                ticks
 .bss.__malloc_free_list
                0x00000000200003b8        0x4 /Users/shaynesidman/.platformio/packages/toolchain-gccarmnoneeabi@1.70201.0/bin/../lib/gcc/arm-none-eabi/7.2.1/../../../../arm-none-eabi/lib/thumb/v7e-m/libc_nano.a(lib_a-nano-mallocr.o)
                0x00000000200003b8                __malloc_free_list
 .bss.__malloc_sbrk_start
                0x00000000200003bc        0x4 /Users/shaynesidman/.platformio/packages/toolchain-gccarmnoneeabi@1.70201.0/bin/../lib/gcc/arm-none-eabi/7.2.1/../../../../arm-none-eabi/lib/thumb/v7e-m/libc_nano.a(lib_a-nano-mallocr.o)
                0x00000000200003bc                __malloc_sbrk_start
 .bss.heap_end.4102
                0x00000000200003c0        0x4 /Users/shaynesidman/.platformio/packages/toolchain-gccarmnoneeabi@1.70201.0/bin/../lib/gcc/arm-none-eabi/7.2.1/../../../../arm-none-eabi/lib/thumb/v7e-m/libnosys.a(sbrk.o)
 *(COMMON)
 COMMON         0x00000000200003c4      0x400 .pio/build/nucleo_l432kc/libf76/libdisplay.a(display.o)
                0x00000000200003c4                fb
 COMMON         0x00000000200007c4        0x4 /Users/shaynesidman/.platformio/packages/toolchain-gccarmnoneeabi@1.70201.0/bin/../lib/gcc/arm-none-eabi/7.2.1/../../../../arm-none-eabi/lib/thumb/v7e-m/libc_nano.a(lib_a-reent.o)
                0x00000000200007c4                errno
                0x00000000200007c8                . = ALIGN (0x4)
                0x00000000200007c8                _ebss = .
                0x00000000200007c8                __bss_end__ = _ebss

._user_heap_stack
                0x00000000200007c8      0x600 load address 0x0000000008005658
                0x00000000200007c8                . = ALIGN (0x8)
                0x00000000200007c8                PROVIDE (end, .)
                [!provide]                        PROVIDE (_end, .)
                0x00000000200009c8                . = (. + _Min_Heap_Size)
 *fill*         0x00000000200007c8      0x200 
                0x0000000020000dc8                . = (. + _Min_Stack_Size)
 *fill*         0x00000000200009c8      0x400 
                0x0000000020000dc8                . = ALIGN (0x8)

/DISCARD/
 libc.a(*)
 libm.a(*)
 libgcc.a(*)

.ARM.attributes
                0x0000000000000000       0x2a
 *(.ARM.attributes)
 .ARM.attributes
                0x0000000000000000       0x1e /Users/shaynesidman/.platformio/packages/toolchain-gccarmnoneeabi@1.70201.0/bin/../lib/gcc/arm-none-eabi/7.2.1/thumb/v7e-m/crti.o
 .ARM.attributes
                0x000000000000001e       0x2e /Users/shaynesidman/.platformio/packages/toolchain-gccarmnoneeabi@1.70201.0/bin/../lib/gcc/arm-none-eabi/7.2.1/thumb/v7e-m/crtbegin.o
 .ARM.attributes
                0x000000000000004c       0x21 .pio/build/nucleo_l432kc/FrameworkCMSIS/gcc/startup_stm32l432xx.o
 .ARM.attributes
                0x000000000000006d       0x33 .pio/build/nucleo_l432kc/FrameworkCMSIS/system_stm32l4xx.o
 .ARM.attributes
                0x00000000000000a0       0x33 .pio/build/nucleo_l432kc/src/main.o
 .ARM.attributes
                0x00000000000000d3       0x33 .pio/build/nucleo_l432kc/libefe/libee14lib.a(uart.o)
 .ARM.attributes
                0x0000000000000106       0x33 .pio/build/nucleo_l432kc/libefe/libee14lib.a(gpio.o)
 .ARM.attributes
                0x0000000000000139       0x33 .pio/build/nucleo_l432kc/lib842/libps2.a(ps2.o)
 .ARM.attributes
                0x000000000000016c       0x33 .pio/build/nucleo_l432kc/libb14/libstops.a(stops.o)
 .ARM.attributes
                0x000000000000019f       0x33 .pio/build/nucleo_l432kc/lib431/libcursor.a(cursor.o)
 .ARM.attributes
                0x00000000000001d2       0x33 .pio/build/nucleo_l432kc/libf76/libdisplay.a(display.o)
 .ARM.attributes
                0x0000000000000205       0x33 .pio/build/nucleo_l432kc/libf76/libdisplay.a(font.o)
 .ARM.attributes
                0x0000000000000238       0x33 .pio/build/nucleo_l432kc/lib676/libconfirmdisplay.a(confirmdisplay.o)
 .ARM.attributes
                0x000000000000026b       0x33 .pio/build/nucleo_l432kc/lib54e/liblinesdisplay.a(linesdisplay.o)
 .ARM.attributes
                0x000000000000029e       0x33 .pio/build/nucleo_l432kc/lib8c6/libstopsdisplay.a(stopsdisplay.o)
 .ARM.attributes
                0x00000000000002d1       0x33 .pio/build/nucleo_l432kc/libf97/libsystick.a(systick.o)
 .ARM.attributes
                0x0000000000000304       0x33 .pio/build/nucleo_l432kc/lib863/libtransmitter.a(transmitter.o)
 .ARM.attributes
                0x0000000000000337       0x2e /Users/shaynesidman/.platformio/packages/toolchain-gccarmnoneeabi@1.70201.0/bin/../lib/gcc/arm-none-eabi/7.2.1/../../../../arm-none-eabi/lib/thumb/v7e-m/libc_nano.a(lib_a-impure.o)
 .ARM.attributes
                0x0000000000000365       0x2e /Users/shaynesidman/.platformio/packages/toolchain-gccarmnoneeabi@1.70201.0/bin/../lib/gcc/arm-none-eabi/7.2.1/../../../../arm-none-eabi/lib/thumb/v7e-m/libc_nano.a(lib_a-init.o)
 .ARM.attributes
                0x0000000000000393       0x2e /Users/shaynesidman/.platformio/packages/toolchain-gccarmnoneeabi@1.70201.0/bin/../lib/gcc/arm-none-eabi/7.2.1/../../../../arm-none-eabi/lib/thumb/v7e-m/libc_nano.a(lib_a-memmove.o)
 .ARM.attributes
                0x00000000000003c1       0x2e /Users/shaynesidman/.platformio/packages/toolchain-gccarmnoneeabi@1.70201.0/bin/../lib/gcc/arm-none-eabi/7.2.1/../../../../arm-none-eabi/lib/thumb/v7e-m/libc_nano.a(lib_a-memset.o)
 .ARM.attributes
                0x00000000000003ef       0x2e /Users/shaynesidman/.platformio/packages/toolchain-gccarmnoneeabi@1.70201.0/bin/../lib/gcc/arm-none-eabi/7.2.1/../../../../arm-none-eabi/lib/thumb/v7e-m/libc_nano.a(lib_a-snprintf.o)
 .ARM.attributes
                0x000000000000041d       0x2e /Users/shaynesidman/.platformio/packages/toolchain-gccarmnoneeabi@1.70201.0/bin/../lib/gcc/arm-none-eabi/7.2.1/../../../../arm-none-eabi/lib/thumb/v7e-m/libc_nano.a(lib_a-strcpy.o)
 .ARM.attributes
                0x000000000000044b       0x17 /Users/shaynesidman/.platformio/packages/toolchain-gccarmnoneeabi@1.70201.0/bin/../lib/gcc/arm-none-eabi/7.2.1/../../../../arm-none-eabi/lib/thumb/v7e-m/libc_nano.a(lib_a-strlen.o)
 .ARM.attributes
                0x0000000000000462       0x2e /Users/shaynesidman/.platformio/packages/toolchain-gccarmnoneeabi@1.70201.0/bin/../lib/gcc/arm-none-eabi/7.2.1/../../../../arm-none-eabi/lib/thumb/v7e-m/libc_nano.a(lib_a-strncpy.o)
 .ARM.attributes
                0x0000000000000490       0x2e /Users/shaynesidman/.platformio/packages/toolchain-gccarmnoneeabi@1.70201.0/bin/../lib/gcc/arm-none-eabi/7.2.1/../../../../arm-none-eabi/lib/thumb/v7e-m/libc_nano.a(lib_a-nano-svfprintf.o)
 .ARM.attributes
                0x00000000000004be       0x2e /Users/shaynesidman/.platformio/packages/toolchain-gccarmnoneeabi@1.70201.0/bin/../lib/gcc/arm-none-eabi/7.2.1/../../../../arm-none-eabi/lib/thumb/v7e-m/libc_nano.a(lib_a-nano-vfprintf_i.o)
 .ARM.attributes
                0x00000000000004ec       0x1c /Users/shaynesidman/.platformio/packages/toolchain-gccarmnoneeabi@1.70201.0/bin/../lib/gcc/arm-none-eabi/7.2.1/../../../../arm-none-eabi/lib/thumb/v7e-m/libc_nano.a(lib_a-memchr.o)
 .ARM.attributes
                0x0000000000000508       0x2e /Users/shaynesidman/.platformio/packages/toolchain-gccarmnoneeabi@1.70201.0/bin/../lib/gcc/arm-none-eabi/7.2.1/../../../../arm-none-eabi/lib/thumb/v7e-m/libc_nano.a(lib_a-memcpy-stub.o)
 .ARM.attributes
                0x0000000000000536       0x2e /Users/shaynesidman/.platformio/packages/toolchain-gccarmnoneeabi@1.70201.0/bin/../lib/gcc/arm-none-eabi/7.2.1/../../../../arm-none-eabi/lib/thumb/v7e-m/libc_nano.a(lib_a-nano-freer.o)
 .ARM.attributes
                0x0000000000000564       0x2e /Users/shaynesidman/.platformio/packages/toolchain-gccarmnoneeabi@1.70201.0/bin/../lib/gcc/arm-none-eabi/7.2.1/../../../../arm-none-eabi/lib/thumb/v7e-m/libc_nano.a(lib_a-nano-mallocr.o)
 .ARM.attributes
                0x0000000000000592       0x2e /Users/shaynesidman/.platformio/packages/toolchain-gccarmnoneeabi@1.70201.0/bin/../lib/gcc/arm-none-eabi/7.2.1/../../../../arm-none-eabi/lib/thumb/v7e-m/libc_nano.a(lib_a-nano-reallocr.o)
 .ARM.attributes
                0x00000000000005c0       0x2e /Users/shaynesidman/.platformio/packages/toolchain-gccarmnoneeabi@1.70201.0/bin/../lib/gcc/arm-none-eabi/7.2.1/../../../../arm-none-eabi/lib/thumb/v7e-m/libc_nano.a(lib_a-sbrkr.o)
 .ARM.attributes
                0x00000000000005ee       0x2e /Users/shaynesidman/.platformio/packages/toolchain-gccarmnoneeabi@1.70201.0/bin/../lib/gcc/arm-none-eabi/7.2.1/../../../../arm-none-eabi/lib/thumb/v7e-m/libc_nano.a(lib_a-mlock.o)
 .ARM.attributes
                0x000000000000061c       0x2e /Users/shaynesidman/.platformio/packages/toolchain-gccarmnoneeabi@1.70201.0/bin/../lib/gcc/arm-none-eabi/7.2.1/../../../../arm-none-eabi/lib/thumb/v7e-m/libc_nano.a(lib_a-nano-msizer.o)
 .ARM.attributes
                0x000000000000064a       0x2e /Users/shaynesidman/.platformio/packages/toolchain-gccarmnoneeabi@1.70201.0/bin/../lib/gcc/arm-none-eabi/7.2.1/../../../../arm-none-eabi/lib/thumb/v7e-m/libc_nano.a(lib_a-reent.o)
 .ARM.attributes
                0x0000000000000678       0x1e /Users/shaynesidman/.platformio/packages/toolchain-gccarmnoneeabi@1.70201.0/bin/../lib/gcc/arm-none-eabi/7.2.1/thumb/v7e-m/libgcc.a(_arm_addsubsf3.o)
 .ARM.attributes
                0x0000000000000696       0x1e /Users/shaynesidman/.platformio/packages/toolchain-gccarmnoneeabi@1.70201.0/bin/../lib/gcc/arm-none-eabi/7.2.1/thumb/v7e-m/libgcc.a(_arm_muldivsf3.o)
 .ARM.attributes
                0x00000000000006b4       0x1e /Users/shaynesidman/.platformio/packages/toolchain-gccarmnoneeabi@1.70201.0/bin/../lib/gcc/arm-none-eabi/7.2.1/thumb/v7e-m/libgcc.a(_arm_fixunssfsi.o)
 .ARM.attributes
                0x00000000000006d2       0x2e /Users/shaynesidman/.platformio/packages/toolchain-gccarmnoneeabi@1.70201.0/bin/../lib/gcc/arm-none-eabi/7.2.1/thumb/v7e-m/libgcc.a(_popcountsi2.o)
 .ARM.attributes
                0x0000000000000700       0x33 .pio/build/nucleo_l432kc/libefe/libee14lib.a(i2c.o)
 .ARM.attributes
                0x0000000000000733       0x33 .pio/build/nucleo_l432kc/lib2e3/libssd1306.a(ssd1306.o)
 .ARM.attributes
                0x0000000000000766       0x33 .pio/build/nucleo_l432kc/libcb9/libprogbar.a(progbar.o)
 .ARM.attributes
                0x0000000000000799       0x1e /Users/shaynesidman/.platformio/packages/toolchain-gccarmnoneeabi@1.70201.0/bin/../lib/gcc/arm-none-eabi/7.2.1/thumb/v7e-m/libgcc.a(_arm_addsubdf3.o)
 .ARM.attributes
                0x00000000000007b7       0x1e /Users/shaynesidman/.platformio/packages/toolchain-gccarmnoneeabi@1.70201.0/bin/../lib/gcc/arm-none-eabi/7.2.1/thumb/v7e-m/libgcc.a(_arm_muldivdf3.o)
 .ARM.attributes
                0x00000000000007d5       0x1e /Users/shaynesidman/.platformio/packages/toolchain-gccarmnoneeabi@1.70201.0/bin/../lib/gcc/arm-none-eabi/7.2.1/thumb/v7e-m/libgcc.a(_arm_fixunsdfsi.o)
 .ARM.attributes
                0x00000000000007f3       0x2e /Users/shaynesidman/.platformio/packages/toolchain-gccarmnoneeabi@1.70201.0/bin/../lib/gcc/arm-none-eabi/7.2.1/../../../../arm-none-eabi/lib/thumb/v7e-m/libnosys.a(sbrk.o)
 .ARM.attributes
                0x0000000000000821       0x1e /Users/shaynesidman/.platformio/packages/toolchain-gccarmnoneeabi@1.70201.0/bin/../lib/gcc/arm-none-eabi/7.2.1/thumb/v7e-m/crtn.o
OUTPUT(.pio/build/nucleo_l432kc/firmware.elf elf32-littlearm)

.comment        0x0000000000000000       0x7e
 .comment       0x0000000000000000       0x7e .pio/build/nucleo_l432kc/FrameworkCMSIS/system_stm32l4xx.o
                                         0x7f (size before relaxing)
 .comment       0x000000000000007e       0x7f .pio/build/nucleo_l432kc/src/main.o
 .comment       0x000000000000007e       0x7f .pio/build/nucleo_l432kc/libefe/libee14lib.a(uart.o)
 .comment       0x000000000000007e       0x7f .pio/build/nucleo_l432kc/libefe/libee14lib.a(gpio.o)
 .comment       0x000000000000007e       0x7f .pio/build/nucleo_l432kc/lib842/libps2.a(ps2.o)
 .comment       0x000000000000007e       0x7f .pio/build/nucleo_l432kc/libb14/libstops.a(stops.o)
 .comment       0x000000000000007e       0x7f .pio/build/nucleo_l432kc/lib431/libcursor.a(cursor.o)
 .comment       0x000000000000007e       0x7f .pio/build/nucleo_l432kc/libf76/libdisplay.a(display.o)
 .comment       0x000000000000007e       0x7f .pio/build/nucleo_l432kc/libf76/libdisplay.a(font.o)
 .comment       0x000000000000007e       0x7f .pio/build/nucleo_l432kc/lib676/libconfirmdisplay.a(confirmdisplay.o)
 .comment       0x000000000000007e       0x7f .pio/build/nucleo_l432kc/lib54e/liblinesdisplay.a(linesdisplay.o)
 .comment       0x000000000000007e       0x7f .pio/build/nucleo_l432kc/lib8c6/libstopsdisplay.a(stopsdisplay.o)
 .comment       0x000000000000007e       0x7f .pio/build/nucleo_l432kc/libf97/libsystick.a(systick.o)
 .comment       0x000000000000007e       0x7f .pio/build/nucleo_l432kc/lib863/libtransmitter.a(transmitter.o)
 .comment       0x000000000000007e       0x7f .pio/build/nucleo_l432kc/libefe/libee14lib.a(i2c.o)
 .comment       0x000000000000007e       0x7f .pio/build/nucleo_l432kc/lib2e3/libssd1306.a(ssd1306.o)
 .comment       0x000000000000007e       0x7f .pio/build/nucleo_l432kc/libcb9/libprogbar.a(progbar.o)

.debug_frame    0x0000000000000000      0x5d4
 .debug_frame   0x0000000000000000       0x2c /Users/shaynesidman/.platformio/packages/toolchain-gccarmnoneeabi@1.70201.0/bin/../lib/gcc/arm-none-eabi/7.2.1/../../../../arm-none-eabi/lib/thumb/v7e-m/libc_nano.a(lib_a-init.o)
 .debug_frame   0x000000000000002c       0x28 /Users/shaynesidman/.platformio/packages/toolchain-gccarmnoneeabi@1.70201.0/bin/../lib/gcc/arm-none-eabi/7.2.1/../../../../arm-none-eabi/lib/thumb/v7e-m/libc_nano.a(lib_a-memmove.o)
 .debug_frame   0x0000000000000054       0x20 /Users/shaynesidman/.platformio/packages/toolchain-gccarmnoneeabi@1.70201.0/bin/../lib/gcc/arm-none-eabi/7.2.1/../../../../arm-none-eabi/lib/thumb/v7e-m/libc_nano.a(lib_a-memset.o)
 .debug_frame   0x0000000000000074       0x7c /Users/shaynesidman/.platformio/packages/toolchain-gccarmnoneeabi@1.70201.0/bin/../lib/gcc/arm-none-eabi/7.2.1/../../../../arm-none-eabi/lib/thumb/v7e-m/libc_nano.a(lib_a-snprintf.o)
 .debug_frame   0x00000000000000f0       0x20 /Users/shaynesidman/.platformio/packages/toolchain-gccarmnoneeabi@1.70201.0/bin/../lib/gcc/arm-none-eabi/7.2.1/../../../../arm-none-eabi/lib/thumb/v7e-m/libc_nano.a(lib_a-strcpy.o)
 .debug_frame   0x0000000000000110       0x2c /Users/shaynesidman/.platformio/packages/toolchain-gccarmnoneeabi@1.70201.0/bin/../lib/gcc/arm-none-eabi/7.2.1/../../../../arm-none-eabi/lib/thumb/v7e-m/libc_nano.a(lib_a-strncpy.o)
 .debug_frame   0x000000000000013c       0x90 /Users/shaynesidman/.platformio/packages/toolchain-gccarmnoneeabi@1.70201.0/bin/../lib/gcc/arm-none-eabi/7.2.1/../../../../arm-none-eabi/lib/thumb/v7e-m/libc_nano.a(lib_a-nano-svfprintf.o)
 .debug_frame   0x00000000000001cc       0x60 /Users/shaynesidman/.platformio/packages/toolchain-gccarmnoneeabi@1.70201.0/bin/../lib/gcc/arm-none-eabi/7.2.1/../../../../arm-none-eabi/lib/thumb/v7e-m/libc_nano.a(lib_a-nano-vfprintf_i.o)
 .debug_frame   0x000000000000022c       0x28 /Users/shaynesidman/.platformio/packages/toolchain-gccarmnoneeabi@1.70201.0/bin/../lib/gcc/arm-none-eabi/7.2.1/../../../../arm-none-eabi/lib/thumb/v7e-m/libc_nano.a(lib_a-memcpy-stub.o)
 .debug_frame   0x0000000000000254       0x38 /Users/shaynesidman/.platformio/packages/toolchain-gccarmnoneeabi@1.70201.0/bin/../lib/gcc/arm-none-eabi/7.2.1/../../../../arm-none-eabi/lib/thumb/v7e-m/libc_nano.a(lib_a-nano-freer.o)
 .debug_frame   0x000000000000028c       0x2c /Users/shaynesidman/.platformio/packages/toolchain-gccarmnoneeabi@1.70201.0/bin/../lib/gcc/arm-none-eabi/7.2.1/../../../../arm-none-eabi/lib/thumb/v7e-m/libc_nano.a(lib_a-nano-mallocr.o)
 .debug_frame   0x00000000000002b8       0x3c /Users/shaynesidman/.platformio/packages/toolchain-gccarmnoneeabi@1.70201.0/bin/../lib/gcc/arm-none-eabi/7.2.1/../../../../arm-none-eabi/lib/thumb/v7e-m/libc_nano.a(lib_a-nano-reallocr.o)
 .debug_frame   0x00000000000002f4       0x2c /Users/shaynesidman/.platformio/packages/toolchain-gccarmnoneeabi@1.70201.0/bin/../lib/gcc/arm-none-eabi/7.2.1/../../../../arm-none-eabi/lib/thumb/v7e-m/libc_nano.a(lib_a-sbrkr.o)
 .debug_frame   0x0000000000000320       0x30 /Users/shaynesidman/.platformio/packages/toolchain-gccarmnoneeabi@1.70201.0/bin/../lib/gcc/arm-none-eabi/7.2.1/../../../../arm-none-eabi/lib/thumb/v7e-m/libc_nano.a(lib_a-mlock.o)
 .debug_frame   0x0000000000000350       0x20 /Users/shaynesidman/.platformio/packages/toolchain-gccarmnoneeabi@1.70201.0/bin/../lib/gcc/arm-none-eabi/7.2.1/../../../../arm-none-eabi/lib/thumb/v7e-m/libc_nano.a(lib_a-nano-msizer.o)
 .debug_frame   0x0000000000000370       0x5c /Users/shaynesidman/.platformio/packages/toolchain-gccarmnoneeabi@1.70201.0/bin/../lib/gcc/arm-none-eabi/7.2.1/../../../../arm-none-eabi/lib/thumb/v7e-m/libc_nano.a(lib_a-reent.o)
 .debug_frame   0x00000000000003cc       0x4c /Users/shaynesidman/.platformio/packages/toolchain-gccarmnoneeabi@1.70201.0/bin/../lib/gcc/arm-none-eabi/7.2.1/thumb/v7e-m/libgcc.a(_arm_addsubsf3.o)
 .debug_frame   0x0000000000000418       0x38 /Users/shaynesidman/.platformio/packages/toolchain-gccarmnoneeabi@1.70201.0/bin/../lib/gcc/arm-none-eabi/7.2.1/thumb/v7e-m/libgcc.a(_arm_muldivsf3.o)
 .debug_frame   0x0000000000000450       0x24 /Users/shaynesidman/.platformio/packages/toolchain-gccarmnoneeabi@1.70201.0/bin/../lib/gcc/arm-none-eabi/7.2.1/thumb/v7e-m/libgcc.a(_arm_fixunssfsi.o)
 .debug_frame   0x0000000000000474       0x20 /Users/shaynesidman/.platformio/packages/toolchain-gccarmnoneeabi@1.70201.0/bin/../lib/gcc/arm-none-eabi/7.2.1/thumb/v7e-m/libgcc.a(_popcountsi2.o)
 .debug_frame   0x0000000000000494       0xac /Users/shaynesidman/.platformio/packages/toolchain-gccarmnoneeabi@1.70201.0/bin/../lib/gcc/arm-none-eabi/7.2.1/thumb/v7e-m/libgcc.a(_arm_addsubdf3.o)
 .debug_frame   0x0000000000000540       0x50 /Users/shaynesidman/.platformio/packages/toolchain-gccarmnoneeabi@1.70201.0/bin/../lib/gcc/arm-none-eabi/7.2.1/thumb/v7e-m/libgcc.a(_arm_muldivdf3.o)
 .debug_frame   0x0000000000000590       0x24 /Users/shaynesidman/.platformio/packages/toolchain-gccarmnoneeabi@1.70201.0/bin/../lib/gcc/arm-none-eabi/7.2.1/thumb/v7e-m/libgcc.a(_arm_fixunsdfsi.o)
 .debug_frame   0x00000000000005b4       0x20 /Users/shaynesidman/.platformio/packages/toolchain-gccarmnoneeabi@1.70201.0/bin/../lib/gcc/arm-none-eabi/7.2.1/../../../../arm-none-eabi/lib/thumb/v7e-m/libnosys.a(sbrk.o)
